// Vitest Snapshot v1

exports[`formattedDataArrayToString([{"type":"section","text":{"type":"mrkdwn","text":"*35:* 6 Gauge Connector 1/4 Stud Hole"},"fields":[{"type":"mrkdwn","text":"*Requestor Name:* Daniel"},{"type":"mrkdwn","text":"*Supplier:* andymark"},{"type":"mrkdwn","text":"*Price Per:* $3.10"},{"type":"mrkdwn","text":"*Qty:* 20"},{"type":"mrkdwn","text":"*Total Price (no tax):* $62.00"},{"type":"mrkdwn","text":"*Price + Tax:* $67.97"},{"type":"mrkdwn","text":"*Category:* Extra Materials"},{"type":"mrkdwn","text":"*Comments:* N/A"}]},{"type":"section","text":{"type":"mrkdwn","text":"*URL:* https://www.andymark.com/products/compression-lug-connector-6-gauge-1-4-stud-hole-burndy-yazv6ctc14fx?via=Z2lkOi8vYW5keW1hcmsvV29ya2FyZWE6OkNhdGFsb2c6OkNhdGVnb3J5LzViYjYxODZhYmM2ZjZkNmRlMWU2OWY5Yg"}},{"type":"divider"}]) 1`] = `
"*35:* 6 Gauge Connector 1/4 Stud Hole
*Requestor Name:* Daniel
*Supplier:* andymark
*Price Per:* $3.10
*Qty:* 20
*Total Price (no tax):* $62.00
*Price + Tax:* $67.97
*Category:* Extra Materials
*Comments:* N/A
*URL:* https://www.andymark.com/products/compression-lug-connector-6-gauge-1-4-stud-hole-burndy-yazv6ctc14fx?via=Z2lkOi8vYW5keW1hcmsvV29ya2FyZWE6OkNhdGFsb2c6OkNhdGVnb3J5LzViYjYxODZhYmM2ZjZkNmRlMWU2OWY5Yg
----
"
`;
